../Core/Src/main.c:589:13:MX_TIM2_Init	72	static,ignoring_inline_asm
../Core/Src/main.c:652:13:MX_TIM3_Init	72	static,ignoring_inline_asm
../Core/Src/main.c:748:13:MX_GPIO_Init	56	static
../Core/Src/main.c:715:13:MX_USART2_UART_Init	8	static,ignoring_inline_asm
../Core/Src/main.c:506:13:MX_TIM1_Init	104	static,ignoring_inline_asm
../Core/Src/main.c:456:13:MX_CAN1_Init	48	static,ignoring_inline_asm
../Core/Src/main.c:24:5:exponent	0	static
../Core/Src/main.c:31:5:CAN_MESSAGE_CONVERSION	16	static
../Core/Src/main.c:92:6:HAL_GPIO_EXTI_Callback	0	static
../Core/Src/main.c:102:6:HAL_CAN_RxFifo0MsgPendingCallback	8	static
../Core/Src/main.c:409:6:SystemClock_Config	88	static,ignoring_inline_asm
../Core/Src/main.c:116:5:main	40	static
../Core/Src/main.c:788:6:Error_Handler	0	static,ignoring_inline_asm
