../Core/Src/stm32f4xx_hal_msp.c:65:6:HAL_MspInit	8	static
../Core/Src/stm32f4xx_hal_msp.c:90:6:HAL_CAN_MspInit	40	static
../Core/Src/stm32f4xx_hal_msp.c:129:6:HAL_CAN_MspDeInit	8	static
../Core/Src/stm32f4xx_hal_msp.c:160:6:HAL_TIM_Base_MspInit	16	static
../Core/Src/stm32f4xx_hal_msp.c:198:6:HAL_TIM_MspPostInit	56	static
../Core/Src/stm32f4xx_hal_msp.c:283:6:HAL_TIM_Base_MspDeInit	0	static
../Core/Src/stm32f4xx_hal_msp.c:327:6:HAL_UART_MspInit	40	static
../Core/Src/stm32f4xx_hal_msp.c:363:6:HAL_UART_MspDeInit	0	static
