../Core/Src/main.c:34:5:exponent	24	static
../Core/Src/main.c:41:5:CAN_MESSAGE_CONVERSION	32	static
../Core/Src/main.c:93:6:HAL_GPIO_EXTI_Callback	16	static
../Core/Src/main.c:103:6:HAL_CAN_RxFifo0MsgPendingCallback	16	static
../Core/Src/main.c:117:5:main	24	static
../Core/Src/main.c:269:6:SystemClock_Config	88	static
../Core/Src/main.c:316:13:MX_CAN1_Init	48	static
../Core/Src/main.c:366:13:MX_TIM1_Init	96	static
../Core/Src/main.c:445:13:MX_TIM2_Init	64	static
../Core/Src/main.c:508:13:MX_TIM3_Init	64	static
../Core/Src/main.c:571:13:MX_USART2_UART_Init	8	static
../Core/Src/main.c:604:13:MX_GPIO_Init	48	static
../Core/Src/main.c:638:6:Error_Handler	4	static,ignoring_inline_asm
