../Core/Src/main.c:34:5:exponent	24	static
../Core/Src/main.c:41:5:CAN_MESSAGE_CONVERSION	32	static
../Core/Src/main.c:95:6:HAL_GPIO_EXTI_Callback	16	static
../Core/Src/main.c:105:6:HAL_CAN_RxFifo0MsgPendingCallback	16	static
../Core/Src/main.c:119:5:main	24	static
../Core/Src/main.c:283:6:SystemClock_Config	88	static
../Core/Src/main.c:330:13:MX_CAN1_Init	48	static
../Core/Src/main.c:380:13:MX_TIM1_Init	96	static
../Core/Src/main.c:463:13:MX_TIM2_Init	64	static
../Core/Src/main.c:526:13:MX_TIM3_Init	64	static
../Core/Src/main.c:584:13:MX_TIM4_Init	64	static
../Core/Src/main.c:647:13:MX_USART2_UART_Init	8	static
../Core/Src/main.c:680:13:MX_GPIO_Init	48	static
../Core/Src/main.c:714:6:Error_Handler	4	static,ignoring_inline_asm
